// Jest Snapshot v1, https://goo.gl/fbAQLP

exports[`MissionCard MissionCard rendered correctly 1`] = `
Object {
  "asFragment": [Function],
  "baseElement": <body>
    <div>
      <div
        class="my-profile"
      >
        <div
          class="my-missions"
        >
          <p
            class="missions-headline"
          >
            My Missions
          </p>
          <ul
            class="missions-list"
          >
            <li>
              Test Mission 2
            </li>
          </ul>
        </div>
        <div
          class="my-rockets"
        >
          <p
            class="rockets-headline"
          >
            My Rockets
          </p>
          <ul
            class="rockets-list"
          >
            <li>
              Test Rocket 1
            </li>
          </ul>
        </div>
      </div>
    </div>
  </body>,
  "container": <div>
    <div
      class="my-profile"
    >
      <div
        class="my-missions"
      >
        <p
          class="missions-headline"
        >
          My Missions
        </p>
        <ul
          class="missions-list"
        >
          <li>
            Test Mission 2
          </li>
        </ul>
      </div>
      <div
        class="my-rockets"
      >
        <p
          class="rockets-headline"
        >
          My Rockets
        </p>
        <ul
          class="rockets-list"
        >
          <li>
            Test Rocket 1
          </li>
        </ul>
      </div>
    </div>
  </div>,
  "debug": [Function],
  "findAllByAltText": [Function],
  "findAllByDisplayValue": [Function],
  "findAllByLabelText": [Function],
  "findAllByPlaceholderText": [Function],
  "findAllByRole": [Function],
  "findAllByTestId": [Function],
  "findAllByText": [Function],
  "findAllByTitle": [Function],
  "findByAltText": [Function],
  "findByDisplayValue": [Function],
  "findByLabelText": [Function],
  "findByPlaceholderText": [Function],
  "findByRole": [Function],
  "findByTestId": [Function],
  "findByText": [Function],
  "findByTitle": [Function],
  "getAllByAltText": [Function],
  "getAllByDisplayValue": [Function],
  "getAllByLabelText": [Function],
  "getAllByPlaceholderText": [Function],
  "getAllByRole": [Function],
  "getAllByTestId": [Function],
  "getAllByText": [Function],
  "getAllByTitle": [Function],
  "getByAltText": [Function],
  "getByDisplayValue": [Function],
  "getByLabelText": [Function],
  "getByPlaceholderText": [Function],
  "getByRole": [Function],
  "getByTestId": [Function],
  "getByText": [Function],
  "getByTitle": [Function],
  "queryAllByAltText": [Function],
  "queryAllByDisplayValue": [Function],
  "queryAllByLabelText": [Function],
  "queryAllByPlaceholderText": [Function],
  "queryAllByRole": [Function],
  "queryAllByTestId": [Function],
  "queryAllByText": [Function],
  "queryAllByTitle": [Function],
  "queryByAltText": [Function],
  "queryByDisplayValue": [Function],
  "queryByLabelText": [Function],
  "queryByPlaceholderText": [Function],
  "queryByRole": [Function],
  "queryByTestId": [Function],
  "queryByText": [Function],
  "queryByTitle": [Function],
  "rerender": [Function],
  "unmount": [Function],
}
`;

exports[`Profile MissionCard rendered correctly 1`] = `
Object {
  "asFragment": [Function],
  "baseElement": <body>
    <div>
      <div
        class="my-profile"
      >
        <div
          class="my-missions"
        >
          <p
            class="missions-headline"
          >
            My Missions
          </p>
          <ul
            class="missions-list"
          >
            <li>
              Test Mission 2
            </li>
          </ul>
        </div>
        <div
          class="my-rockets"
        >
          <p
            class="rockets-headline"
          >
            My Rockets
          </p>
          <ul
            class="rockets-list"
          >
            <li>
              Test Rocket 1
            </li>
          </ul>
        </div>
      </div>
    </div>
  </body>,
  "container": <div>
    <div
      class="my-profile"
    >
      <div
        class="my-missions"
      >
        <p
          class="missions-headline"
        >
          My Missions
        </p>
        <ul
          class="missions-list"
        >
          <li>
            Test Mission 2
          </li>
        </ul>
      </div>
      <div
        class="my-rockets"
      >
        <p
          class="rockets-headline"
        >
          My Rockets
        </p>
        <ul
          class="rockets-list"
        >
          <li>
            Test Rocket 1
          </li>
        </ul>
      </div>
    </div>
  </div>,
  "debug": [Function],
  "findAllByAltText": [Function],
  "findAllByDisplayValue": [Function],
  "findAllByLabelText": [Function],
  "findAllByPlaceholderText": [Function],
  "findAllByRole": [Function],
  "findAllByTestId": [Function],
  "findAllByText": [Function],
  "findAllByTitle": [Function],
  "findByAltText": [Function],
  "findByDisplayValue": [Function],
  "findByLabelText": [Function],
  "findByPlaceholderText": [Function],
  "findByRole": [Function],
  "findByTestId": [Function],
  "findByText": [Function],
  "findByTitle": [Function],
  "getAllByAltText": [Function],
  "getAllByDisplayValue": [Function],
  "getAllByLabelText": [Function],
  "getAllByPlaceholderText": [Function],
  "getAllByRole": [Function],
  "getAllByTestId": [Function],
  "getAllByText": [Function],
  "getAllByTitle": [Function],
  "getByAltText": [Function],
  "getByDisplayValue": [Function],
  "getByLabelText": [Function],
  "getByPlaceholderText": [Function],
  "getByRole": [Function],
  "getByTestId": [Function],
  "getByText": [Function],
  "getByTitle": [Function],
  "queryAllByAltText": [Function],
  "queryAllByDisplayValue": [Function],
  "queryAllByLabelText": [Function],
  "queryAllByPlaceholderText": [Function],
  "queryAllByRole": [Function],
  "queryAllByTestId": [Function],
  "queryAllByText": [Function],
  "queryAllByTitle": [Function],
  "queryByAltText": [Function],
  "queryByDisplayValue": [Function],
  "queryByLabelText": [Function],
  "queryByPlaceholderText": [Function],
  "queryByRole": [Function],
  "queryByTestId": [Function],
  "queryByText": [Function],
  "queryByTitle": [Function],
  "rerender": [Function],
  "unmount": [Function],
}
`;
